Error: [STATUS CODE - 404]	{"error":"not found: taskID: foo","code":5}
