Error: [STATUS CODE - 500]	{"error":"Won't switch between two terminal states: COMPLETE -\u003e CANCELED","code":2}
